Archive member included to satisfy reference by file (symbol)

/usr/lib/x86_64-linux-gnu/libc_nonshared.a(elf-init.oS)
                              /usr/lib/gcc/x86_64-linux-gnu/5/../../../x86_64-linux-gnu/crt1.o (__libc_csu_init)

Allocating common symbols
Common symbol       size              file

nvram_gen_total_lid
                    0x4               ./build/HCT6737M_65_N/LWG_DSDS/nvram_auto_gen/debug/nvram_gen_util.o
system_boot_mode    0x1               ./build/HCT6737M_65_N/LWG_DSDS/nvram_auto_gen/debug/nvram_gen_util.o
s                   0x200             ./build/HCT6737M_65_N/LWG_DSDS/nvram_auto_gen/debug/nvram_auto_gen.o
logical_data_item_table
                    0x8               ./build/HCT6737M_65_N/LWG_DSDS/nvram_auto_gen/debug/nvram_gen_util.o
indirect_end_symbol
                    0x14              ./build/HCT6737M_65_N/LWG_DSDS/nvram_auto_gen/debug/nvram_auto_gen.o

Discarded input sections

 .note.GNU-stack
                0x0000000000000000        0x0 /usr/lib/gcc/x86_64-linux-gnu/5/../../../x86_64-linux-gnu/crt1.o
 .note.GNU-stack
                0x0000000000000000        0x0 /usr/lib/gcc/x86_64-linux-gnu/5/../../../x86_64-linux-gnu/crti.o
 .note.GNU-stack
                0x0000000000000000        0x0 /usr/lib/gcc/x86_64-linux-gnu/5/crtbegin.o
 .note.GNU-stack
                0x0000000000000000        0x0 ./build/HCT6737M_65_N/LWG_DSDS/nvram_auto_gen/debug/nvram_auto_gen.o
 .note.GNU-stack
                0x0000000000000000        0x0 ./build/HCT6737M_65_N/LWG_DSDS/nvram_auto_gen/debug/nvram_gen_util.o
 .note.GNU-stack
                0x0000000000000000        0x0 ./build/HCT6737M_65_N/LWG_DSDS/nvram_auto_gen/debug/nvram_factory_config.o
 .note.GNU-stack
                0x0000000000000000        0x0 ./build/HCT6737M_65_N/LWG_DSDS/nvram_auto_gen/debug/nvram_data_items.o
 .note.GNU-stack
                0x0000000000000000        0x0 ./build/HCT6737M_65_N/LWG_DSDS/nvram_auto_gen/debug/nvram_cust_pack.o
 .note.GNU-stack
                0x0000000000000000        0x0 ./build/HCT6737M_65_N/LWG_DSDS/nvram_auto_gen/debug/custom_nvram_sec.o
 .note.GNU-stack
                0x0000000000000000        0x0 ./build/HCT6737M_65_N/LWG_DSDS/nvram_auto_gen/debug/ul1_nvram_def.o
 .note.GNU-stack
                0x0000000000000000        0x0 ./build/HCT6737M_65_N/LWG_DSDS/nvram_auto_gen/debug/audio_nvram_def.o
 .note.GNU-stack
                0x0000000000000000        0x0 ./build/HCT6737M_65_N/LWG_DSDS/nvram_auto_gen/debug/ex_nvram_def.o
 .note.GNU-stack
                0x0000000000000000        0x0 ./build/HCT6737M_65_N/LWG_DSDS/nvram_auto_gen/debug/adc_nvram_def.o
 .note.GNU-stack
                0x0000000000000000        0x0 ./build/HCT6737M_65_N/LWG_DSDS/nvram_auto_gen/debug/fs_quota.o
 .note.GNU-stack
                0x0000000000000000        0x0 ./build/HCT6737M_65_N/LWG_DSDS/nvram_auto_gen/debug/fs_quota_entry_dump.o
 .note.GNU-stack
                0x0000000000000000        0x0 /usr/lib/x86_64-linux-gnu/libc_nonshared.a(elf-init.oS)
 .note.GNU-stack
                0x0000000000000000        0x0 /usr/lib/gcc/x86_64-linux-gnu/5/crtend.o
 .note.GNU-stack
                0x0000000000000000        0x0 /usr/lib/gcc/x86_64-linux-gnu/5/../../../x86_64-linux-gnu/crtn.o

Memory Configuration

Name             Origin             Length             Attributes
*default*        0x0000000000000000 0xffffffffffffffff

Linker script and memory map

LOAD /usr/lib/gcc/x86_64-linux-gnu/5/../../../x86_64-linux-gnu/crt1.o
LOAD /usr/lib/gcc/x86_64-linux-gnu/5/../../../x86_64-linux-gnu/crti.o
LOAD /usr/lib/gcc/x86_64-linux-gnu/5/crtbegin.o
                [!provide]                        PROVIDE (__executable_start, 0x400000)
                0x0000000000400238                . = (0x400000 + SIZEOF_HEADERS)

.interp         0x0000000000400238       0x1c
 *(.interp)
 .interp        0x0000000000400238       0x1c /usr/lib/gcc/x86_64-linux-gnu/5/../../../x86_64-linux-gnu/crt1.o

.note.ABI-tag   0x0000000000400254       0x20
 .note.ABI-tag  0x0000000000400254       0x20 /usr/lib/gcc/x86_64-linux-gnu/5/../../../x86_64-linux-gnu/crt1.o

.note.gnu.build-id
                0x0000000000400274       0x24
 *(.note.gnu.build-id)
 .note.gnu.build-id
                0x0000000000400274       0x24 /usr/lib/gcc/x86_64-linux-gnu/5/../../../x86_64-linux-gnu/crt1.o

.hash
 *(.hash)

.gnu.hash       0x0000000000400298       0x24
 *(.gnu.hash)
 .gnu.hash      0x0000000000400298       0x24 /usr/lib/gcc/x86_64-linux-gnu/5/../../../x86_64-linux-gnu/crt1.o

.dynsym         0x00000000004002c0      0x270
 *(.dynsym)
 .dynsym        0x00000000004002c0      0x270 /usr/lib/gcc/x86_64-linux-gnu/5/../../../x86_64-linux-gnu/crt1.o

.dynstr         0x0000000000400530       0xf2
 *(.dynstr)
 .dynstr        0x0000000000400530       0xf2 /usr/lib/gcc/x86_64-linux-gnu/5/../../../x86_64-linux-gnu/crt1.o

.gnu.version    0x0000000000400622       0x34
 *(.gnu.version)
 .gnu.version   0x0000000000400622       0x34 /usr/lib/gcc/x86_64-linux-gnu/5/../../../x86_64-linux-gnu/crt1.o

.gnu.version_d  0x0000000000400658        0x0
 *(.gnu.version_d)
 .gnu.version_d
                0x0000000000400658        0x0 /usr/lib/gcc/x86_64-linux-gnu/5/../../../x86_64-linux-gnu/crt1.o

.gnu.version_r  0x0000000000400658       0x30
 *(.gnu.version_r)
 .gnu.version_r
                0x0000000000400658       0x30 /usr/lib/gcc/x86_64-linux-gnu/5/../../../x86_64-linux-gnu/crt1.o

.rela.dyn       0x0000000000400688       0x30
 *(.rela.init)
 *(.rela.text .rela.text.* .rela.gnu.linkonce.t.*)
 .rela.text     0x0000000000400688        0x0 /usr/lib/gcc/x86_64-linux-gnu/5/../../../x86_64-linux-gnu/crt1.o
 *(.rela.fini)
 *(.rela.rodata .rela.rodata.* .rela.gnu.linkonce.r.*)
 *(.rela.data .rela.data.* .rela.gnu.linkonce.d.*)
 *(.rela.tdata .rela.tdata.* .rela.gnu.linkonce.td.*)
 *(.rela.tbss .rela.tbss.* .rela.gnu.linkonce.tb.*)
 *(.rela.ctors)
 *(.rela.dtors)
 *(.rela.got)
 .rela.got      0x0000000000400688       0x18 /usr/lib/gcc/x86_64-linux-gnu/5/../../../x86_64-linux-gnu/crt1.o
 *(.rela.bss .rela.bss.* .rela.gnu.linkonce.b.*)
 .rela.bss      0x00000000004006a0       0x18 /usr/lib/gcc/x86_64-linux-gnu/5/../../../x86_64-linux-gnu/crt1.o
 *(.rela.ldata .rela.ldata.* .rela.gnu.linkonce.l.*)
 *(.rela.lbss .rela.lbss.* .rela.gnu.linkonce.lb.*)
 *(.rela.lrodata .rela.lrodata.* .rela.gnu.linkonce.lr.*)
 *(.rela.ifunc)
 .rela_nvram_ltable
                0x00000000004006b8        0x0 /usr/lib/gcc/x86_64-linux-gnu/5/../../../x86_64-linux-gnu/crt1.o

.rela.plt       0x00000000004006b8      0x228
 *(.rela.plt)
 .rela.plt      0x00000000004006b8      0x228 /usr/lib/gcc/x86_64-linux-gnu/5/../../../x86_64-linux-gnu/crt1.o
                [!provide]                        PROVIDE (__rela_iplt_start, .)
 *(.rela.iplt)
 .rela.iplt     0x00000000004008e0        0x0 /usr/lib/gcc/x86_64-linux-gnu/5/../../../x86_64-linux-gnu/crt1.o
                [!provide]                        PROVIDE (__rela_iplt_end, .)

.init           0x00000000004008e0       0x1a
 *(.init)
 .init          0x00000000004008e0       0x15 /usr/lib/gcc/x86_64-linux-gnu/5/../../../x86_64-linux-gnu/crti.o
                0x00000000004008e0                _init
 .init          0x00000000004008f5        0x5 /usr/lib/gcc/x86_64-linux-gnu/5/../../../x86_64-linux-gnu/crtn.o

.plt            0x0000000000400900      0x180
 *(.plt)
 .plt           0x0000000000400900      0x180 /usr/lib/gcc/x86_64-linux-gnu/5/../../../x86_64-linux-gnu/crt1.o
                0x0000000000400910                strcasecmp@@GLIBC_2.2.5
                0x0000000000400920                __errno_location@@GLIBC_2.2.5
                0x0000000000400930                strcpy@@GLIBC_2.2.5
                0x0000000000400940                puts@@GLIBC_2.2.5
                0x0000000000400950                fclose@@GLIBC_2.2.5
                0x0000000000400960                strlen@@GLIBC_2.2.5
                0x0000000000400970                __stack_chk_fail@@GLIBC_2.4
                0x0000000000400980                strchr@@GLIBC_2.2.5
                0x0000000000400990                printf@@GLIBC_2.2.5
                0x00000000004009a0                strrchr@@GLIBC_2.2.5
                0x00000000004009b0                fputc@@GLIBC_2.2.5
                0x00000000004009c0                __libc_start_main@@GLIBC_2.2.5
                0x00000000004009d0                fgets@@GLIBC_2.2.5
                0x00000000004009e0                strcmp@@GLIBC_2.2.5
                0x00000000004009f0                fprintf@@GLIBC_2.2.5
                0x0000000000400a00                malloc@@GLIBC_2.2.5
                0x0000000000400a10                access@@GLIBC_2.2.5
                0x0000000000400a20                fopen@@GLIBC_2.2.5
                0x0000000000400a30                sprintf@@GLIBC_2.2.5
                0x0000000000400a40                exit@@GLIBC_2.2.5
                0x0000000000400a50                fwrite@@GLIBC_2.2.5
                0x0000000000400a60                strerror@@GLIBC_2.2.5
                0x0000000000400a70                strstr@@GLIBC_2.2.5
 *(.iplt)
 .iplt          0x0000000000400a80        0x0 /usr/lib/gcc/x86_64-linux-gnu/5/../../../x86_64-linux-gnu/crt1.o

.text           0x0000000000400a80     0x3b22
 *(.text.unlikely .text.*_unlikely)
 .text.unlikely
                0x0000000000400a80        0x0 /usr/lib/gcc/x86_64-linux-gnu/5/crtbegin.o
 .text.unlikely
                0x0000000000400a80        0x0 /usr/lib/x86_64-linux-gnu/libc_nonshared.a(elf-init.oS)
 *(.text .stub .text.* .gnu.linkonce.t.*)
 .text          0x0000000000400a80       0x2a /usr/lib/gcc/x86_64-linux-gnu/5/../../../x86_64-linux-gnu/crt1.o
                0x0000000000400a80                _start
 .text          0x0000000000400aaa        0x0 /usr/lib/gcc/x86_64-linux-gnu/5/../../../x86_64-linux-gnu/crti.o
 *fill*         0x0000000000400aaa        0x6 90909090
 .text          0x0000000000400ab0       0xc6 /usr/lib/gcc/x86_64-linux-gnu/5/crtbegin.o
 .text          0x0000000000400b76     0x3212 ./build/HCT6737M_65_N/LWG_DSDS/nvram_auto_gen/debug/nvram_auto_gen.o
                0x0000000000400b76                nvram_gen_check_sys_cache
                0x0000000000400d1e                nvram_gen_sys_cache_default
                0x0000000000400e6f                nvram_gen_sys_cache_res_func
                0x000000000040107f                nvram_gen_ltable_list
                0x0000000000401382                nvram_gen_lid_size
                0x0000000000401b03                nvram_gen_statistic
                0x0000000000401ca1                nvram_gen_array
                0x0000000000401ee9                nvram_gen_secro
                0x0000000000402a02                nvram_gen_create_file
                0x0000000000402bd3                nvram_gen_close_file
                0x0000000000402bf1                nvram_gen_restore_function
                0x0000000000402f72                nvram_gen_database_key
                0x000000000040301c                nvram_gen_custpack_table
                0x00000000004034c6                nvram_gen_cat_xml
                0x00000000004039bc                nvram_gen_trace
                0x0000000000403b54                main
 .text          0x0000000000403d88      0x71b ./build/HCT6737M_65_N/LWG_DSDS/nvram_auto_gen/debug/nvram_gen_util.o
                0x0000000000403d88                free_int_ilm
                0x0000000000403d9a                nvram_gen_assign_entry
                0x000000000040425c                nvram_gen_construct_ltable
                0x0000000000404433                nvram_gen_search_entry
 .text          0x00000000004044a3        0x0 ./build/HCT6737M_65_N/LWG_DSDS/nvram_auto_gen/debug/nvram_factory_config.o
 .text          0x00000000004044a3        0x0 ./build/HCT6737M_65_N/LWG_DSDS/nvram_auto_gen/debug/nvram_data_items.o
 .text          0x00000000004044a3        0x0 ./build/HCT6737M_65_N/LWG_DSDS/nvram_auto_gen/debug/nvram_cust_pack.o
 .text          0x00000000004044a3        0x0 ./build/HCT6737M_65_N/LWG_DSDS/nvram_auto_gen/debug/custom_nvram_sec.o
 .text          0x00000000004044a3        0x0 ./build/HCT6737M_65_N/LWG_DSDS/nvram_auto_gen/debug/ul1_nvram_def.o
 .text          0x00000000004044a3        0x0 ./build/HCT6737M_65_N/LWG_DSDS/nvram_auto_gen/debug/audio_nvram_def.o
 .text          0x00000000004044a3        0x0 ./build/HCT6737M_65_N/LWG_DSDS/nvram_auto_gen/debug/ex_nvram_def.o
 .text          0x00000000004044a3        0x0 ./build/HCT6737M_65_N/LWG_DSDS/nvram_auto_gen/debug/adc_nvram_def.o
 .text          0x00000000004044a3        0x7 ./build/HCT6737M_65_N/LWG_DSDS/nvram_auto_gen/debug/fs_quota.o
                0x00000000004044a3                fs_quota_init
 .text          0x00000000004044aa       0x7a ./build/HCT6737M_65_N/LWG_DSDS/nvram_auto_gen/debug/fs_quota_entry_dump.o
                0x00000000004044aa                nvram_gen_fs_quota
 *fill*         0x0000000000404524        0xc 90909090
 .text          0x0000000000404530       0x72 /usr/lib/x86_64-linux-gnu/libc_nonshared.a(elf-init.oS)
                0x0000000000404530                __libc_csu_init
                0x00000000004045a0                __libc_csu_fini
 .text          0x00000000004045a2        0x0 /usr/lib/gcc/x86_64-linux-gnu/5/crtend.o
 .text          0x00000000004045a2        0x0 /usr/lib/gcc/x86_64-linux-gnu/5/../../../x86_64-linux-gnu/crtn.o
 *(.gnu.warning)

.plt.got        0x00000000004045a8        0x8
 .plt.got       0x00000000004045a8        0x8 /usr/lib/gcc/x86_64-linux-gnu/5/../../../x86_64-linux-gnu/crt1.o

.fini           0x00000000004045b0        0x9
 *(.fini)
 .fini          0x00000000004045b0        0x4 /usr/lib/gcc/x86_64-linux-gnu/5/../../../x86_64-linux-gnu/crti.o
                0x00000000004045b0                _fini
 .fini          0x00000000004045b4        0x5 /usr/lib/gcc/x86_64-linux-gnu/5/../../../x86_64-linux-gnu/crtn.o
                [!provide]                        PROVIDE (__etext, .)
                [!provide]                        PROVIDE (_etext, .)
                [!provide]                        PROVIDE (etext, .)

.rodata         0x00000000004045c0     0x9d9d
 *(.rodata .rodata.* .gnu.linkonce.r.*)
 .rodata.cst4   0x00000000004045c0        0x4 /usr/lib/gcc/x86_64-linux-gnu/5/../../../x86_64-linux-gnu/crt1.o
                0x00000000004045c0                _IO_stdin_used
 *fill*         0x00000000004045c4        0x4 
 .rodata        0x00000000004045c8     0x2064 ./build/HCT6737M_65_N/LWG_DSDS/nvram_auto_gen/debug/nvram_auto_gen.o
 *fill*         0x000000000040662c        0x4 
 .rodata        0x0000000000406630      0x1ca ./build/HCT6737M_65_N/LWG_DSDS/nvram_auto_gen/debug/nvram_gen_util.o
 *fill*         0x00000000004067fa        0x6 
 .rodata        0x0000000000406800     0x103f ./build/HCT6737M_65_N/LWG_DSDS/nvram_auto_gen/debug/nvram_factory_config.o
 *fill*         0x000000000040783f        0x1 
 .rodata        0x0000000000407840     0x58a8 ./build/HCT6737M_65_N/LWG_DSDS/nvram_auto_gen/debug/nvram_data_items.o
                0x0000000000407840                NVRAM_EF_ZERO_DEFAULT
                0x0000000000407841                NVRAM_EF_FF_DEFAULT
                0x00000000004078e0                COMMON_NVRAM_EF_NWSEL_DATA_DEFAULT
                0x0000000000407c68                NVRAM_EF_ETWS_SETTING_DEFAULT
 *fill*         0x000000000040d0e8       0x18 
 .rodata        0x000000000040d100      0x822 ./build/HCT6737M_65_N/LWG_DSDS/nvram_auto_gen/debug/nvram_cust_pack.o
                0x000000000040d100                NVRAM_EF_MSQ_LIST_DEFAULT
                0x000000000040d500                COMMON_NVRAM_EF_SMSAL_MAILBOX_ADDR_DEFAULT
                0x000000000040d540                COMMON_NVRAM_EF_MS_SECURITY_DEFAULT
                0x000000000040d566                COMMON_NVRAM_EF_ALS_LINE_ID_DEFAULT
                0x000000000040d568                COMMON_NVRAM_EF_MSCAP_DEFAULT
                0x000000000040d578                COMMON_NVRAM_EF_RAC_PREFERENCE_DEFAULT
                0x000000000040d580                COMMON_NVRAM_EF_SMSAL_COMMON_PARAM_DEFAULT
                0x000000000040d590                COMMON_NVRAM_EF_CB_DEFAULT_CH_DEFAULT
                0x000000000040d5c0                COMMON_NVRAM_EF_UL1_3G_RF_PARAMETER_DEFAULT
                0x000000000040d91c                COMMON_NVRAM_EF_UL1_IOT_CUSTOMIZATION_DEFAULT
                0x000000000040d920                COMMON_NVRAM_EF_UL1_HSPA_CATEGORY_DEFAULT
 *fill*         0x000000000040d922       0x1e 
 .rodata        0x000000000040d940      0x2aa ./build/HCT6737M_65_N/LWG_DSDS/nvram_auto_gen/debug/custom_nvram_sec.o
                0x000000000040d940                custom_secret_key
                0x000000000040d960                custom_key_seed
                0x000000000040d980                NVRAM_SECURE_PARA
                0x000000000040d9a0                NVRAM_EF_SML_DEFAULT
                0x000000000040da80                NVRAM_EF_SML_TMO_DEFAULT
 *fill*         0x000000000040dbea        0x6 
 .rodata        0x000000000040dbf0      0x687 ./build/HCT6737M_65_N/LWG_DSDS/nvram_auto_gen/debug/ul1_nvram_def.o
 .rodata        0x000000000040e277       0x2f ./build/HCT6737M_65_N/LWG_DSDS/nvram_auto_gen/debug/ex_nvram_def.o
 *fill*         0x000000000040e2a6       0x1a 
 .rodata        0x000000000040e2c0       0x69 ./build/HCT6737M_65_N/LWG_DSDS/nvram_auto_gen/debug/adc_nvram_def.o
 .rodata        0x000000000040e329       0x34 ./build/HCT6737M_65_N/LWG_DSDS/nvram_auto_gen/debug/fs_quota_entry_dump.o

.rodata1
 *(.rodata1)

.eh_frame_hdr   0x000000000040e360       0xe4
 *(.eh_frame_hdr)
 .eh_frame_hdr  0x000000000040e360       0xe4 /usr/lib/gcc/x86_64-linux-gnu/5/../../../x86_64-linux-gnu/crt1.o
                0x000000000040e360                __GNU_EH_FRAME_HDR

.eh_frame       0x000000000040e448      0x3bc
 *(.eh_frame)
 .eh_frame      0x000000000040e448       0x30 /usr/lib/gcc/x86_64-linux-gnu/5/../../../x86_64-linux-gnu/crt1.o
 .eh_frame      0x000000000040e478       0x40 /usr/lib/gcc/x86_64-linux-gnu/5/../../../x86_64-linux-gnu/crt1.o
 .eh_frame      0x000000000040e4b8      0x208 ./build/HCT6737M_65_N/LWG_DSDS/nvram_auto_gen/debug/nvram_auto_gen.o
                                        0x220 (size before relaxing)
 .eh_frame      0x000000000040e6c0       0xa0 ./build/HCT6737M_65_N/LWG_DSDS/nvram_auto_gen/debug/nvram_gen_util.o
                                         0xb8 (size before relaxing)
 .eh_frame      0x000000000040e760       0x20 ./build/HCT6737M_65_N/LWG_DSDS/nvram_auto_gen/debug/fs_quota.o
                                         0x38 (size before relaxing)
 .eh_frame      0x000000000040e780       0x20 ./build/HCT6737M_65_N/LWG_DSDS/nvram_auto_gen/debug/fs_quota_entry_dump.o
                                         0x38 (size before relaxing)
 .eh_frame      0x000000000040e7a0       0x60 /usr/lib/x86_64-linux-gnu/libc_nonshared.a(elf-init.oS)
                                         0x78 (size before relaxing)
 .eh_frame      0x000000000040e800        0x4 /usr/lib/gcc/x86_64-linux-gnu/5/crtend.o

.gcc_except_table
 *(.gcc_except_table .gcc_except_table.*)
                0x000000000040e804                . = (ALIGN (0x200000) - ((0x200000 - .) & 0x1fffff))
                0x000000000060edf8                . = DATA_SEGMENT_ALIGN (0x200000, 0x1000)

.eh_frame
 *(.eh_frame)

.gcc_except_table
 *(.gcc_except_table .gcc_except_table.*)

.tdata
 *(.tdata .tdata.* .gnu.linkonce.td.*)

.tbss
 *(.tbss .tbss.* .gnu.linkonce.tb.*)
 *(.tcommon)

.preinit_array  0x000000000060edf8        0x0
                [!provide]                        PROVIDE (__preinit_array_start, .)
 *(.preinit_array)
                [!provide]                        PROVIDE (__preinit_array_end, .)

.init_array     0x000000000060edf8        0x8
                0x000000000060edf8                PROVIDE (__init_array_start, .)
 *(SORT(.init_array.*))
 *(.init_array)
 .init_array    0x000000000060edf8        0x8 /usr/lib/gcc/x86_64-linux-gnu/5/crtbegin.o
                0x000000000060ee00                PROVIDE (__init_array_end, .)

.fini_array     0x000000000060ee00        0x8
                [!provide]                        PROVIDE (__fini_array_start, .)
 *(.fini_array)
 .fini_array    0x000000000060ee00        0x8 /usr/lib/gcc/x86_64-linux-gnu/5/crtbegin.o
 *(SORT(.fini_array.*))
                [!provide]                        PROVIDE (__fini_array_end, .)

.ctors
 *crtbegin.o(.ctors)
 *crtbegin?.o(.ctors)
 *(EXCLUDE_FILE(*crtend?.o *crtend.o) .ctors)
 *(SORT(.ctors.*))
 *(.ctors)

.dtors
 *crtbegin.o(.dtors)
 *crtbegin?.o(.dtors)
 *(EXCLUDE_FILE(*crtend?.o *crtend.o) .dtors)
 *(SORT(.dtors.*))
 *(.dtors)

.jcr            0x000000000060ee08        0x8
 *(.jcr)
 .jcr           0x000000000060ee08        0x0 /usr/lib/gcc/x86_64-linux-gnu/5/crtbegin.o
 .jcr           0x000000000060ee08        0x8 /usr/lib/gcc/x86_64-linux-gnu/5/crtend.o

.data.rel.ro
 *(.data.rel.ro.local* .gnu.linkonce.d.rel.ro.local.*)
 *(. data.rel.ro* .gnu.linkonce.d.rel.ro.*)

.dynamic        0x000000000060ee10      0x1d0
 *(.dynamic)
 .dynamic       0x000000000060ee10      0x1d0 /usr/lib/gcc/x86_64-linux-gnu/5/../../../x86_64-linux-gnu/crt1.o
                0x000000000060ee10                _DYNAMIC

.got            0x000000000060efe0        0x8
 *(.got)
 .got           0x000000000060efe0        0x8 /usr/lib/gcc/x86_64-linux-gnu/5/../../../x86_64-linux-gnu/crt1.o
 *(.igot)
                0x000000000060efe8                . = DATA_SEGMENT_RELRO_END (., 0x18)

.got.plt        0x000000000060efe8       0xd0
 *(.got.plt)
 .got.plt       0x000000000060efe8       0xd0 /usr/lib/gcc/x86_64-linux-gnu/5/../../../x86_64-linux-gnu/crt1.o
                0x000000000060efe8                _GLOBAL_OFFSET_TABLE_
 *(.igot.plt)
 .igot.plt      0x000000000060f0b8        0x0 /usr/lib/gcc/x86_64-linux-gnu/5/../../../x86_64-linux-gnu/crt1.o

.data           0x000000000060f0c0      0x700
 *(.data .data.* .gnu.linkonce.d.*)
 .data          0x000000000060f0c0        0x4 /usr/lib/gcc/x86_64-linux-gnu/5/../../../x86_64-linux-gnu/crt1.o
                0x000000000060f0c0                data_start
                0x000000000060f0c0                __data_start
 .data          0x000000000060f0c4        0x0 /usr/lib/gcc/x86_64-linux-gnu/5/../../../x86_64-linux-gnu/crti.o
 *fill*         0x000000000060f0c4        0x4 
 .data          0x000000000060f0c8        0x8 /usr/lib/gcc/x86_64-linux-gnu/5/crtbegin.o
                0x000000000060f0c8                __dso_handle
 .data          0x000000000060f0d0        0x0 ./build/HCT6737M_65_N/LWG_DSDS/nvram_auto_gen/debug/nvram_auto_gen.o
 .data          0x000000000060f0d0        0x0 ./build/HCT6737M_65_N/LWG_DSDS/nvram_auto_gen/debug/nvram_gen_util.o
 .data          0x000000000060f0d0        0x0 ./build/HCT6737M_65_N/LWG_DSDS/nvram_auto_gen/debug/nvram_factory_config.o
 *fill*         0x000000000060f0d0       0x10 
 .data          0x000000000060f0e0      0x6e0 ./build/HCT6737M_65_N/LWG_DSDS/nvram_auto_gen/debug/nvram_data_items.o
                0x000000000060f140                nvram_sys_cache
 .data          0x000000000060f7c0        0x0 ./build/HCT6737M_65_N/LWG_DSDS/nvram_auto_gen/debug/nvram_cust_pack.o
 .data          0x000000000060f7c0        0x0 ./build/HCT6737M_65_N/LWG_DSDS/nvram_auto_gen/debug/custom_nvram_sec.o
 .data          0x000000000060f7c0        0x0 ./build/HCT6737M_65_N/LWG_DSDS/nvram_auto_gen/debug/ul1_nvram_def.o
 .data          0x000000000060f7c0        0x0 ./build/HCT6737M_65_N/LWG_DSDS/nvram_auto_gen/debug/audio_nvram_def.o
 .data          0x000000000060f7c0        0x0 ./build/HCT6737M_65_N/LWG_DSDS/nvram_auto_gen/debug/ex_nvram_def.o
 .data          0x000000000060f7c0        0x0 ./build/HCT6737M_65_N/LWG_DSDS/nvram_auto_gen/debug/adc_nvram_def.o
 .data          0x000000000060f7c0        0x0 ./build/HCT6737M_65_N/LWG_DSDS/nvram_auto_gen/debug/fs_quota.o
 .data          0x000000000060f7c0        0x0 ./build/HCT6737M_65_N/LWG_DSDS/nvram_auto_gen/debug/fs_quota_entry_dump.o
 .data          0x000000000060f7c0        0x0 /usr/lib/x86_64-linux-gnu/libc_nonshared.a(elf-init.oS)
 .data          0x000000000060f7c0        0x0 /usr/lib/gcc/x86_64-linux-gnu/5/crtend.o
 .data          0x000000000060f7c0        0x0 /usr/lib/gcc/x86_64-linux-gnu/5/../../../x86_64-linux-gnu/crtn.o

.tm_clone_table
                0x000000000060f7c0        0x0
 .tm_clone_table
                0x000000000060f7c0        0x0 /usr/lib/gcc/x86_64-linux-gnu/5/crtbegin.o
 .tm_clone_table
                0x000000000060f7c0        0x0 /usr/lib/gcc/x86_64-linux-gnu/5/crtend.o

.data1
 *(.data1)
                0x000000000060f7c0                _edata = .
                [!provide]                        PROVIDE (edata, .)
                0x000000000060f7c0                __bss_start = .

.bss            0x000000000060f7c0      0xaa8
 *(.dynbss)
 .dynbss        0x000000000060f7c0        0x8 /usr/lib/gcc/x86_64-linux-gnu/5/../../../x86_64-linux-gnu/crt1.o
                0x000000000060f7c0                stderr@@GLIBC_2.2.5
 *(.bss .bss.* .gnu.linkonce.b.*)
 .bss           0x000000000060f7c8        0x0 /usr/lib/gcc/x86_64-linux-gnu/5/../../../x86_64-linux-gnu/crt1.o
 .bss           0x000000000060f7c8        0x0 /usr/lib/gcc/x86_64-linux-gnu/5/../../../x86_64-linux-gnu/crti.o
 .bss           0x000000000060f7c8        0x1 /usr/lib/gcc/x86_64-linux-gnu/5/crtbegin.o
 *fill*         0x000000000060f7c9       0x17 
 .bss           0x000000000060f7e0      0x100 ./build/HCT6737M_65_N/LWG_DSDS/nvram_auto_gen/debug/nvram_auto_gen.o
 .bss           0x000000000060f8e0       0x18 ./build/HCT6737M_65_N/LWG_DSDS/nvram_auto_gen/debug/nvram_gen_util.o
                0x000000000060f8e0                custpack_total_to_verify
                0x000000000060f8e4                secupack_total_to_verify
                0x000000000060f8e8                secupack_size_to_verify
                0x000000000060f8ec                secupack_idx
                0x000000000060f8f0                nvram_gen_backup_size
                0x000000000060f8f4                nvram_gen_backup_total
 .bss           0x000000000060f8f8        0x0 ./build/HCT6737M_65_N/LWG_DSDS/nvram_auto_gen/debug/nvram_factory_config.o
 *fill*         0x000000000060f8f8        0x8 
 .bss           0x000000000060f900      0x724 ./build/HCT6737M_65_N/LWG_DSDS/nvram_auto_gen/debug/nvram_data_items.o
 .bss           0x0000000000610024        0x0 ./build/HCT6737M_65_N/LWG_DSDS/nvram_auto_gen/debug/nvram_cust_pack.o
 .bss           0x0000000000610024        0x0 ./build/HCT6737M_65_N/LWG_DSDS/nvram_auto_gen/debug/custom_nvram_sec.o
 .bss           0x0000000000610024        0x0 ./build/HCT6737M_65_N/LWG_DSDS/nvram_auto_gen/debug/ul1_nvram_def.o
 .bss           0x0000000000610024        0x0 ./build/HCT6737M_65_N/LWG_DSDS/nvram_auto_gen/debug/audio_nvram_def.o
 .bss           0x0000000000610024        0x0 ./build/HCT6737M_65_N/LWG_DSDS/nvram_auto_gen/debug/ex_nvram_def.o
 .bss           0x0000000000610024        0x0 ./build/HCT6737M_65_N/LWG_DSDS/nvram_auto_gen/debug/adc_nvram_def.o
 .bss           0x0000000000610024        0x0 ./build/HCT6737M_65_N/LWG_DSDS/nvram_auto_gen/debug/fs_quota.o
 .bss           0x0000000000610024        0x0 ./build/HCT6737M_65_N/LWG_DSDS/nvram_auto_gen/debug/fs_quota_entry_dump.o
 .bss           0x0000000000610024        0x0 /usr/lib/x86_64-linux-gnu/libc_nonshared.a(elf-init.oS)
 .bss           0x0000000000610024        0x0 /usr/lib/gcc/x86_64-linux-gnu/5/crtend.o
 .bss           0x0000000000610024        0x0 /usr/lib/gcc/x86_64-linux-gnu/5/../../../x86_64-linux-gnu/crtn.o
 *(COMMON)
 *fill*         0x0000000000610024       0x1c 
 COMMON         0x0000000000610040      0x214 ./build/HCT6737M_65_N/LWG_DSDS/nvram_auto_gen/debug/nvram_auto_gen.o
                0x0000000000610040                s
                0x0000000000610240                indirect_end_symbol
 *fill*         0x0000000000610254        0x4 
 COMMON         0x0000000000610258       0x10 ./build/HCT6737M_65_N/LWG_DSDS/nvram_auto_gen/debug/nvram_gen_util.o
                0x0000000000610258                nvram_gen_total_lid
                0x000000000061025c                system_boot_mode
                0x0000000000610260                logical_data_item_table
                0x0000000000610268                . = ALIGN ((. != 0x0)?0x8:0x1)

.lbss
 *(.dynlbss)
 *(.lbss .lbss.* .gnu.linkonce.lb.*)
 *(LARGE_COMMON)

NVRAM_LTABLE    0x0000000000610268     0x5b40
                0x0000000000610268                nvram_ltable_begin = .
 *(_nvram_ltable)
 _nvram_ltable  0x0000000000610268       0x38 ./build/HCT6737M_65_N/LWG_DSDS/nvram_auto_gen/debug/nvram_gen_util.o
                0x0000000000610268                logical_data_item_table_internal
 _nvram_ltable  0x00000000006102a0     0x1810 ./build/HCT6737M_65_N/LWG_DSDS/nvram_auto_gen/debug/nvram_factory_config.o
                0x00000000006102a0                logical_data_item_table_factory
 _nvram_ltable  0x0000000000611ab0     0x3aa0 ./build/HCT6737M_65_N/LWG_DSDS/nvram_auto_gen/debug/nvram_data_items.o
                0x0000000000611ab0                logical_data_item_table_core
 _nvram_ltable  0x0000000000615550      0x7e0 ./build/HCT6737M_65_N/LWG_DSDS/nvram_auto_gen/debug/ul1_nvram_def.o
                0x0000000000615550                logical_data_item_table_ul1
 _nvram_ltable  0x0000000000615d30       0x38 ./build/HCT6737M_65_N/LWG_DSDS/nvram_auto_gen/debug/ex_nvram_def.o
                0x0000000000615d30                logical_data_item_table_exception
 _nvram_ltable  0x0000000000615d68       0x38 ./build/HCT6737M_65_N/LWG_DSDS/nvram_auto_gen/debug/adc_nvram_def.o
                0x0000000000615d68                logical_data_item_table_adc
                0x0000000000615da0                nvram_ltable_end = .
                0x0000000000615da0                indirect_init_begin = .
 *(_indirect_init)
 _indirect_init
                0x0000000000615da0        0x8 ./build/HCT6737M_65_N/LWG_DSDS/nvram_auto_gen/debug/fs_quota.o
                0x0000000000615da0                g_fs_quota_init
                0x0000000000615da8                indirect_init_end = .
                0x0000000000615da8                . = ALIGN (0x8)

.lrodata
 *(.lrodata .lrodata.* .gnu.linkonce.lr.*)

.ldata          0x0000000000a15da8        0x0
 *(.ldata .ldata.* .gnu.linkonce.l.*)
                0x0000000000a15da8                . = ALIGN ((. != 0x0)?0x8:0x1)
                0x0000000000a15da8                . = ALIGN (0x8)
                0x0000000000a15da8                _end = .
                [!provide]                        PROVIDE (end, .)
                0x0000000000a15da8                . = DATA_SEGMENT_END (.)

.stab
 *(.stab)

.stabstr
 *(.stabstr)

.stab.excl
 *(.stab.excl)

.stab.exclstr
 *(.stab.exclstr)

.stab.index
 *(.stab.index)

.stab.indexstr
 *(.stab.indexstr)

.comment        0x0000000000000000       0x34
 *(.comment)
 .comment       0x0000000000000000       0x34 /usr/lib/gcc/x86_64-linux-gnu/5/crtbegin.o
                                         0x35 (size before relaxing)
 .comment       0x0000000000000034       0x35 ./build/HCT6737M_65_N/LWG_DSDS/nvram_auto_gen/debug/nvram_auto_gen.o
 .comment       0x0000000000000034       0x35 ./build/HCT6737M_65_N/LWG_DSDS/nvram_auto_gen/debug/nvram_gen_util.o
 .comment       0x0000000000000034       0x35 ./build/HCT6737M_65_N/LWG_DSDS/nvram_auto_gen/debug/nvram_factory_config.o
 .comment       0x0000000000000034       0x35 ./build/HCT6737M_65_N/LWG_DSDS/nvram_auto_gen/debug/nvram_data_items.o
 .comment       0x0000000000000034       0x35 ./build/HCT6737M_65_N/LWG_DSDS/nvram_auto_gen/debug/nvram_cust_pack.o
 .comment       0x0000000000000034       0x35 ./build/HCT6737M_65_N/LWG_DSDS/nvram_auto_gen/debug/custom_nvram_sec.o
 .comment       0x0000000000000034       0x35 ./build/HCT6737M_65_N/LWG_DSDS/nvram_auto_gen/debug/ul1_nvram_def.o
 .comment       0x0000000000000034       0x35 ./build/HCT6737M_65_N/LWG_DSDS/nvram_auto_gen/debug/audio_nvram_def.o
 .comment       0x0000000000000034       0x35 ./build/HCT6737M_65_N/LWG_DSDS/nvram_auto_gen/debug/ex_nvram_def.o
 .comment       0x0000000000000034       0x35 ./build/HCT6737M_65_N/LWG_DSDS/nvram_auto_gen/debug/adc_nvram_def.o
 .comment       0x0000000000000034       0x35 ./build/HCT6737M_65_N/LWG_DSDS/nvram_auto_gen/debug/fs_quota.o
 .comment       0x0000000000000034       0x35 ./build/HCT6737M_65_N/LWG_DSDS/nvram_auto_gen/debug/fs_quota_entry_dump.o
 .comment       0x0000000000000034       0x35 /usr/lib/gcc/x86_64-linux-gnu/5/crtend.o

.debug
 *(.debug)

.line
 *(.line)

.debug_srcinfo
 *(.debug_srcinfo)

.debug_sfnames
 *(.debug_sfnames)

.debug_aranges
 *(.debug_aranges)

.debug_pubnames
 *(.debug_pubnames)

.debug_info
 *(.debug_info .gnu.linkonce.wi.*)

.debug_abbrev
 *(.debug_abbrev)

.debug_line
 *(.debug_line)

.debug_frame
 *(.debug_frame)

.debug_str
 *(.debug_str)

.debug_loc
 *(.debug_loc)

.debug_macinfo
 *(.debug_macinfo)

.debug_weaknames
 *(.debug_weaknames)

.debug_funcnames
 *(.debug_funcnames)

.debug_typenames
 *(.debug_typenames)

.debug_varnames
 *(.debug_varnames)

.debug_pubtypes
 *(.debug_pubtypes)

.debug_ranges
 *(.debug_ranges)

.gnu.attributes
 *(.gnu.attributes)

/DISCARD/
 *(.note.GNU-stack)
 *(.gnu_debuglink)
 *(.gnu.lto_*)
LOAD ./build/HCT6737M_65_N/LWG_DSDS/nvram_auto_gen/debug/nvram_auto_gen.o
LOAD ./build/HCT6737M_65_N/LWG_DSDS/nvram_auto_gen/debug/nvram_gen_util.o
LOAD ./build/HCT6737M_65_N/LWG_DSDS/nvram_auto_gen/debug/nvram_factory_config.o
LOAD ./build/HCT6737M_65_N/LWG_DSDS/nvram_auto_gen/debug/nvram_data_items.o
LOAD ./build/HCT6737M_65_N/LWG_DSDS/nvram_auto_gen/debug/nvram_cust_pack.o
LOAD ./build/HCT6737M_65_N/LWG_DSDS/nvram_auto_gen/debug/custom_nvram_sec.o
LOAD ./build/HCT6737M_65_N/LWG_DSDS/nvram_auto_gen/debug/ul1_nvram_def.o
LOAD ./build/HCT6737M_65_N/LWG_DSDS/nvram_auto_gen/debug/audio_nvram_def.o
LOAD ./build/HCT6737M_65_N/LWG_DSDS/nvram_auto_gen/debug/ex_nvram_def.o
LOAD ./build/HCT6737M_65_N/LWG_DSDS/nvram_auto_gen/debug/adc_nvram_def.o
LOAD ./build/HCT6737M_65_N/LWG_DSDS/nvram_auto_gen/debug/fs_quota.o
LOAD ./build/HCT6737M_65_N/LWG_DSDS/nvram_auto_gen/debug/fs_quota_entry_dump.o
LOAD /usr/lib/gcc/x86_64-linux-gnu/5/libgcc.a
LOAD /usr/lib/gcc/x86_64-linux-gnu/5/libgcc_s.so
LOAD /usr/lib/gcc/x86_64-linux-gnu/5/../../../x86_64-linux-gnu/libc.so
START GROUP
LOAD /lib/x86_64-linux-gnu/libc.so.6
LOAD /usr/lib/x86_64-linux-gnu/libc_nonshared.a
LOAD /lib/x86_64-linux-gnu/ld-linux-x86-64.so.2
END GROUP
LOAD /usr/lib/gcc/x86_64-linux-gnu/5/libgcc.a
LOAD /usr/lib/gcc/x86_64-linux-gnu/5/libgcc_s.so
LOAD /usr/lib/gcc/x86_64-linux-gnu/5/crtend.o
LOAD /usr/lib/gcc/x86_64-linux-gnu/5/../../../x86_64-linux-gnu/crtn.o
OUTPUT(./build/HCT6737M_65_N/LWG_DSDS/nvram_auto_gen/nvram_auto_gen elf64-x86-64)
